[    4162ms] [WARNING] %cWRN background:#FFC107;color: #111;padding:0 5px;border-radius:10px [GPT] Using deprecated googletag.encryptedSignalProviders. Please use googletag.secureSignalProviders instead.
https://goo.gle/gpt-message#155 @ https://monkeytype.com/js/monkeytype.D-2P4DqU.js:806
[    4524ms] [WARNING] %cWRN background:#FFC107;color: #111;padding:0 5px;border-radius:10px [GPT] Using deprecated googletag.encryptedSignalProviders. Please use googletag.secureSignalProviders instead.
https://goo.gle/gpt-message#155 @ https://monkeytype.com/js/monkeytype.D-2P4DqU.js:806
[    4546ms] [ERROR] Failed to load resource: the server responded with a status of 451 () @ https://api.rlcdn.com/api/identity/envelope?pid=13250:0
[    8523ms] [WARNING] The resource https://monkeytype.com/css/standalone.3mVjkeX_.css was preloaded using link preload but not used within a few seconds from the window's load event. Please make sure it has an appropriate `as` value and it is preloaded intentionally. @ https://monkeytype.com/:0
[   30025ms] [ERROR] Failed to load resource: net::ERR_CONNECTION_CLOSED @ https://visitor.fiftyt.com/p.gif?ev=sync&bstep=2&p=ey&uid=2FuhkaCnBdW9YwyaK3cT7q47eiejDlEE-W3C0oDRzVaY:0
[   30025ms] [ERROR] Failed to load resource: the server responded with a status of 422 () @ https://sync.crwdcntrl.net/qmap?c=1389&tp=STSC&tpid=f485daa4-1883-4206-bd1c-e3a841ceaedb-69955590-5048&gdpr=0&gdpr_consent=&d=https%3A%2F%2Fid5-sync.com%2Fc%2F483%2F826%2F4%2F5.gif%3Fpuid%3Df485daa4-1883-4206-bd1c-e3a841ceaedb-69955590-5048%26gdpr%3D0%26gdpr_consent%3D:0
[   33128ms] [ERROR] Failed to load resource: net::ERR_CONNECTION_REFUSED @ https://static.aroa.io/sync/sync.php?eyeid=2N9JAesy11FHNwUZYwJsthgwYR3NFtgrcB9iUXf7qYio:0
[   36130ms] [WARNING] The resource https://monkeytype.com/css/standalone.3mVjkeX_.css was preloaded using link preload but not used within a few seconds from the window's load event. Please make sure it has an appropriate `as` value and it is preloaded intentionally. @ https://monkeytype.com/:0
[   52854ms] [ERROR] Attestation check for Protected Audience on https://direct.adsrvr.org failed. @ https://monkeytype.com/:0
[   52854ms] [ERROR] Attestation check for Protected Audience on https://htlb.casalemedia.com failed. @ https://monkeytype.com/:0
[   52854ms] [ERROR] Attestation check for Protected Audience on https://htlb.casalemedia.com failed. @ https://monkeytype.com/:0
[   52854ms] [ERROR] Attestation check for Protected Audience on https://grid-bidder.criteo.com failed. @ https://monkeytype.com/:0
[   52854ms] [ERROR] Attestation check for Protected Audience on https://rtb.openx.net failed. @ https://monkeytype.com/:0
[   52854ms] [ERROR] Attestation check for Protected Audience on https://rtb.openx.net failed. @ https://monkeytype.com/:0
[   52854ms] [ERROR] Attestation check for Protected Audience on https://tlx.3lift.com failed. @ https://monkeytype.com/:0
[   52854ms] [ERROR] Attestation check for Protected Audience on https://fastlane.rubiconproject.com failed. @ https://monkeytype.com/:0
[   52854ms] [ERROR] Attestation check for Protected Audience on https://g2.gumgum.com failed. @ https://monkeytype.com/:0
[   52858ms] [ERROR] Attestation check for Protected Audience on https://hbopenbid.pubmatic.com failed. @ https://monkeytype.com/:0
[   56168ms] [ERROR] Attestation check for Shared Storage on https://www.googleadservices.com failed. @ https://www.googleadservices.com/pagead/managed/js/activeview/current/reach_worklet.html:0
[   56652ms] [WARNING] The resource https://monkeytype.com/css/standalone.3mVjkeX_.css was preloaded using link preload but not used within a few seconds from the window's load event. Please make sure it has an appropriate `as` value and it is preloaded intentionally. @ https://monkeytype.com/:0
[   56715ms] [ERROR] Failed to load resource: net::ERR_NAME_NOT_RESOLVED @ https://dps.jp.cinarra.com/pxd?PLATFORM_ID=1&USER_ID=9042b7f5-dfce-8510-dc25-7d27ffba9014:0
[   57551ms] [ERROR] Failed to load resource: the server responded with a status of 400 () @ https://cm.mgid.com/m?cdsp=834149&c=050b19f9-e5e5-4d12-8eee-3513c23598ce:0
[   56715ms] [ERROR] Failed to load resource: net::ERR_NAME_NOT_RESOLVED @ https://dps.jp.cinarra.com/pxd?PLATFORM_ID=1&USER_ID=9042b7f5-dfce-8510-dc25-7d27ffba9014:0
[   57916ms] [ERROR] Failed to load resource: net::ERR_NAME_NOT_RESOLVED @ https://match.rundsp.com/redirect?ex=openx:0
[   58047ms] [ERROR] Failed to load resource: the server responded with a status of 404 () @ https://cs.krushmedia.com/4831fbf13dd518a56346a6e0ec8ba9d5.gif?puid=ID5-7-39a8db94-78ba-4867-bb1a-c99c94ff3f1b&redir=https%3A%2F%2Fsync.inmobi.com%2Fsetuid%3FbidderID%3D1315%26dspUserId%3D%5BUID%5D&gdpr=0&gdpr_consent=:0
[   58563ms] [ERROR] Failed to load resource: net::ERR_CONNECTION_REFUSED @ https://cs.nex8.net/cs/openx:0
[   60579ms] [ERROR] Failed to load resource: net::ERR_NAME_NOT_RESOLVED @ https://ad.360yield.com/server_match?partner_id=1805&gdpr=0&gdpr_consent=&r=https%3A%2F%2Fmeasureadv.com%2FuserBack%3Fuid%3D%7BPUB_USER_ID%7D%26gdpr%3D%7BGDPR%7D%26gdpr_consent%3D%7BGDPR_CONSENT%7D%26p%3D3:0
[   82681ms] [WARNING] The resource https://monkeytype.com/css/standalone.3mVjkeX_.css was preloaded using link preload but not used within a few seconds from the window's load event. Please make sure it has an appropriate `as` value and it is preloaded intentionally. @ https://monkeytype.com/:0
[   84564ms] [ERROR] Attestation check for Protected Audience on https://htlb.casalemedia.com failed. @ https://monkeytype.com/:0
[   84564ms] [ERROR] Attestation check for Protected Audience on https://g2.gumgum.com failed. @ https://monkeytype.com/:0
[   84564ms] [ERROR] Attestation check for Protected Audience on https://direct.adsrvr.org failed. @ https://monkeytype.com/:0
[   84564ms] [ERROR] Attestation check for Protected Audience on https://grid-bidder.criteo.com failed. @ https://monkeytype.com/:0
[   84564ms] [ERROR] Attestation check for Protected Audience on https://tlx.3lift.com failed. @ https://monkeytype.com/:0
[   84564ms] [ERROR] Attestation check for Protected Audience on https://fastlane.rubiconproject.com failed. @ https://monkeytype.com/:0
[   84564ms] [ERROR] Attestation check for Protected Audience on https://rtb.openx.net failed. @ https://monkeytype.com/:0
[   84564ms] [ERROR] Attestation check for Protected Audience on https://rtb.openx.net failed. @ https://monkeytype.com/:0
[   84568ms] [ERROR] Attestation check for Protected Audience on https://hbopenbid.pubmatic.com failed. @ https://monkeytype.com/:0
[   85024ms] [WARNING] %cWRN background:#FFC107;color: #111;padding:0 5px;border-radius:10px [GPT] Interstitial /154013155,22465280235/1024888/74058/publisher:1024888-website:74058-web_interstitial not requested: Format already created on the page.
https://goo.gle/gpt-message#134 @ https://monkeytype.com/js/monkeytype.D-2P4DqU.js:806
[   88534ms] [WARNING] The resource https://monkeytype.com/css/standalone.3mVjkeX_.css was preloaded using link preload but not used within a few seconds from the window's load event. Please make sure it has an appropriate `as` value and it is preloaded intentionally. @ https://monkeytype.com/:0
[   56715ms] [ERROR] Failed to load resource: net::ERR_NAME_NOT_RESOLVED @ https://dps.jp.cinarra.com/pxd?PLATFORM_ID=1&USER_ID=9042b7f5-dfce-8510-dc25-7d27ffba9014:0
[   57916ms] [ERROR] Failed to load resource: net::ERR_NAME_NOT_RESOLVED @ https://match.rundsp.com/redirect?ex=openx:0
[   58563ms] [ERROR] Failed to load resource: net::ERR_CONNECTION_REFUSED @ https://cs.nex8.net/cs/openx:0
[   89602ms] [ERROR] Failed to load resource: net::ERR_NAME_NOT_RESOLVED @ https://j.mrpdata.net/c.html?ex=OpenX:0
[   56715ms] [ERROR] Failed to load resource: net::ERR_NAME_NOT_RESOLVED @ https://dps.jp.cinarra.com/pxd?PLATFORM_ID=1&USER_ID=9042b7f5-dfce-8510-dc25-7d27ffba9014:0
[   57916ms] [ERROR] Failed to load resource: net::ERR_NAME_NOT_RESOLVED @ https://match.rundsp.com/redirect?ex=openx:0
[   58563ms] [ERROR] Failed to load resource: net::ERR_CONNECTION_REFUSED @ https://cs.nex8.net/cs/openx:0
[   89602ms] [ERROR] Failed to load resource: net::ERR_NAME_NOT_RESOLVED @ https://j.mrpdata.net/c.html?ex=OpenX:0
[   89971ms] [ERROR] Failed to load resource: the server responded with a status of 400 () @ https://match.prod.bidr.io/cookie-sync/see:0
[   90019ms] [ERROR] Failed to load resource: the server responded with a status of 410 (Gone) @ https://ads.stickyadstv.com/pbs-user-sync?gdpr=&gdpr_consent=&us_privacy=&gpp=&gpp_sid=&r=https%3A%2F%2Fcookies.nextmillmedia.com%2Fsetuid%3Fbidder%3Dfreewheel-ssp%26nmuid%3D%26gdpr%3D%26gdpr_consent%3D%26us_privacy%3D%26uid%3D%7Bviewerid%7D:0
[   56715ms] [ERROR] Failed to load resource: net::ERR_NAME_NOT_RESOLVED @ https://dps.jp.cinarra.com/pxd?PLATFORM_ID=1&USER_ID=9042b7f5-dfce-8510-dc25-7d27ffba9014:0
[   57916ms] [ERROR] Failed to load resource: net::ERR_NAME_NOT_RESOLVED @ https://match.rundsp.com/redirect?ex=openx:0
[   58563ms] [ERROR] Failed to load resource: net::ERR_CONNECTION_REFUSED @ https://cs.nex8.net/cs/openx:0
[   89602ms] [ERROR] Failed to load resource: net::ERR_NAME_NOT_RESOLVED @ https://j.mrpdata.net/c.html?ex=OpenX:0
[   90641ms] [ERROR] Failed to load resource: the server responded with a status of 424 (Failed Dependency) @ https://t.adx.opera.com/pub/sync?pubid=pub10101531197440&gdpr=1&gdpr_consent=:0
[   90641ms] [ERROR] Failed to load resource: the server responded with a status of 424 (Failed Dependency) @ https://t.adx.opera.com/pub/sync?pubid=pub10101531197440&gdpr=1&gdpr_consent=:0
[   91381ms] [ERROR] Failed to load resource: the server responded with a status of 404 () @ https://sync.crwdcntrl.net/qmap?c=2700&tp=UNDR&gdpr=&gdpr_consent=&tpid=2q7lpld461phsijmow9lspzlt:0
[   90641ms] [ERROR] Failed to load resource: the server responded with a status of 424 (Failed Dependency) @ https://t.adx.opera.com/pub/sync?pubid=pub10101531197440&gdpr=1&gdpr_consent=:0
[   90019ms] [ERROR] Failed to load resource: the server responded with a status of 410 (Gone) @ https://ads.stickyadstv.com/pbs-user-sync?gdpr=&gdpr_consent=&us_privacy=&gpp=&gpp_sid=&r=https%3A%2F%2Fcookies.nextmillmedia.com%2Fsetuid%3Fbidder%3Dfreewheel-ssp%26nmuid%3D%26gdpr%3D%26gdpr_consent%3D%26us_privacy%3D%26uid%3D%7Bviewerid%7D:0
[   91462ms] [ERROR] Failed to load resource: the server responded with a status of 410 (Gone) @ https://ads.stickyadstv.com/pbs-user-sync?gdpr=&gdpr_consent=&us_privacy=&gpp=&gpp_sid=&r=https%3A%2F%2Fcookies.nextmillmedia.com%2Fsetuid%3Fbidder%3Dfreewheel-ssp%26nmuid%3D332bd05a-b3ba-4caa-82ee-552cf9c4ab77%26gdpr%3D%26gdpr_consent%3D%26us_privacy%3D%26uid%3D%7Bviewerid%7D:0
[   91552ms] [ERROR] Failed to load resource: the server responded with a status of 400 () @ https://cs.ingage.tech/v1/sync/equative/1fb30c9f-5a76-4d88-ab27-5f57024f958d?uid=:0
[   91577ms] [ERROR] Failed to load resource: the server responded with a status of 424 (Failed Dependency) @ https://t.adx.opera.com/pub/sync?pubid=pub10101531197440&gdpr=1&gdpr_consent=:0
[   91851ms] [ERROR] Failed to load resource: the server responded with a status of 424 (Failed Dependency) @ https://t.adx.opera.com/pub/sync?pubid=pub10101531197440&gdpr=1&gdpr_consent=:0
[   92168ms] [ERROR] Failed to load resource: the server responded with a status of 400 () @ https://eb2.3lift.com/getuid?gdpr=&cmp_cs=&redir=https%3A%2F%2Fsync.programmaticx.ai%2Fapi%2Fcookie%3FpartnerId%3Dtriplelift-progx%26gdpr%3D%26gdpr_consent%3D%26us_privacy%3D%26userId%3D%24UID:0
[   92168ms] [ERROR] Failed to load resource: the server responded with a status of 400 () @ https://eb2.3lift.com/getuid?gdpr=&cmp_cs=&redir=https%3A%2F%2Fsync.programmaticx.ai%2Fapi%2Fcookie%3FpartnerId%3Dtriplelift-progx%26gdpr%3D%26gdpr_consent%3D%26us_privacy%3D%26userId%3D%24UID:0
[   90641ms] [ERROR] Failed to load resource: the server responded with a status of 424 (Failed Dependency) @ https://t.adx.opera.com/pub/sync?pubid=pub10101531197440&gdpr=1&gdpr_consent=:0
[   91577ms] [ERROR] Failed to load resource: the server responded with a status of 424 (Failed Dependency) @ https://t.adx.opera.com/pub/sync?pubid=pub10101531197440&gdpr=1&gdpr_consent=:0
[   91851ms] [ERROR] Failed to load resource: the server responded with a status of 424 (Failed Dependency) @ https://t.adx.opera.com/pub/sync?pubid=pub10101531197440&gdpr=1&gdpr_consent=:0
[  111454ms] [ERROR] Failed to load resource: the server responded with a status of 400 () @ https://cs.ingage.tech/v1/sync/loopme/1fb30c9f-5a76-4d88-ab27-5f57024f958d?uid=d599241f-1128-4c07-86e5-153ea416e1c9:0
[  115796ms] [WARNING] The resource https://monkeytype.com/css/standalone.3mVjkeX_.css was preloaded using link preload but not used within a few seconds from the window's load event. Please make sure it has an appropriate `as` value and it is preloaded intentionally. @ https://monkeytype.com/:0
[  120321ms] [WARNING] The resource https://monkeytype.com/css/standalone.3mVjkeX_.css was preloaded using link preload but not used within a few seconds from the window's load event. Please make sure it has an appropriate `as` value and it is preloaded intentionally. @ https://monkeytype.com/:0
