[2026-02-24 01:44:19] local.WARNING: API key passed via query parameter - deprecated. Use X-API-Key header. {"ip":"127.0.0.1","path":"myapi/get-job-ongoing/58"} 
[2026-02-24 01:44:19] local.WARNING: API key passed via query parameter - deprecated. Use X-API-Key header. {"ip":"127.0.0.1","path":"myapi/get-job-by-user/58"} 
[2026-02-24 01:44:19] local.WARNING: API key passed via query parameter - deprecated. Use X-API-Key header. {"ip":"127.0.0.1","path":"myapi/get-job"} 
[2026-02-24 01:44:19] local.WARNING: API key passed via query parameter - deprecated. Use X-API-Key header. {"ip":"127.0.0.1","path":"myapi/get-job-ongoing/58"} 
[2026-02-24 01:44:19] local.WARNING: API key passed via query parameter - deprecated. Use X-API-Key header. {"ip":"127.0.0.1","path":"myapi/get-job-by-user/58"} 
[2026-02-24 01:44:20] local.WARNING: API key passed via query parameter - deprecated. Use X-API-Key header. {"ip":"127.0.0.1","path":"myapi/get-job"} 
[2026-02-24 01:44:38] local.WARNING: API key passed via query parameter - deprecated. Use X-API-Key header. {"ip":"127.0.0.1","path":"myapi/get-job-ongoing/58"} 
[2026-02-24 01:44:38] local.WARNING: API key passed via query parameter - deprecated. Use X-API-Key header. {"ip":"127.0.0.1","path":"myapi/get-job-by-user/58"} 
[2026-02-24 01:44:38] local.WARNING: API key passed via query parameter - deprecated. Use X-API-Key header. {"ip":"127.0.0.1","path":"myapi/get-job"} 
[2026-02-24 01:44:43] local.WARNING: API key passed via query parameter - deprecated. Use X-API-Key header. {"ip":"127.0.0.1","path":"myapi/get-job-ongoing/58"} 
[2026-02-24 01:44:43] local.WARNING: API key passed via query parameter - deprecated. Use X-API-Key header. {"ip":"127.0.0.1","path":"myapi/get-job-by-user/58"} 
[2026-02-24 01:44:43] local.WARNING: API key passed via query parameter - deprecated. Use X-API-Key header. {"ip":"127.0.0.1","path":"myapi/get-job"} 
[2026-02-24 01:44:46] local.WARNING: API key passed via query parameter - deprecated. Use X-API-Key header. {"ip":"127.0.0.1","path":"myapi/get-user/58"} 
[2026-02-24 01:45:01] local.ERROR: forgot_password Email Error: Expected response code 250 but got code "530", with message "530-5.7.0 Authentication Required. For more information, go to
530 5.7.0  https://support.google.com/accounts/troubleshooter/2402620. d9443c01a7336-2adaa3b2b9csm739985ad.1 - gsmtp
" {"email":"kianeuodoo@gmail.com","trace":"#0 C:\\xampp\\htdocs\\be-fms\\api\\vendor\\swiftmailer\\swiftmailer\\lib\\classes\\Swift\\Transport\\AbstractSmtpTransport.php(341): Swift_Transport_AbstractSmtpTransport->assertResponseCode('530-5.7.0 Authe...', Array)
#1 C:\\xampp\\htdocs\\be-fms\\api\\vendor\\swiftmailer\\swiftmailer\\lib\\classes\\Swift\\Transport\\EsmtpTransport.php(305): Swift_Transport_AbstractSmtpTransport->executeCommand('MAIL FROM:<nore...', Array, Array, false, NULL)
#2 C:\\xampp\\htdocs\\be-fms\\api\\vendor\\swiftmailer\\swiftmailer\\lib\\classes\\Swift\\Transport\\AbstractSmtpTransport.php(390): Swift_Transport_EsmtpTransport->executeCommand('DATA\\
', Array, Array)
#3 C:\\xampp\\htdocs\\be-fms\\api\\vendor\\swiftmailer\\swiftmailer\\lib\\classes\\Swift\\Transport\\AbstractSmtpTransport.php(497): Swift_Transport_AbstractSmtpTransport->doDataCommand(Array)
#4 C:\\xampp\\htdocs\\be-fms\\api\\vendor\\swiftmailer\\swiftmailer\\lib\\classes\\Swift\\Transport\\AbstractSmtpTransport.php(516): Swift_Transport_AbstractSmtpTransport->doMailTransaction(Object(Swift_Message), 'noreply@efms.co...', Array, Array)
#5 C:\\xampp\\htdocs\\be-fms\\api\\vendor\\swiftmailer\\swiftmailer\\lib\\classes\\Swift\\Transport\\AbstractSmtpTransport.php(206): Swift_Transport_AbstractSmtpTransport->sendTo(Object(Swift_Message), 'noreply@efms.co...', Array, Array)
#6 C:\\xampp\\htdocs\\be-fms\\api\\vendor\\swiftmailer\\swiftmailer\\lib\\classes\\Swift\\Mailer.php(71): Swift_Transport_AbstractSmtpTransport->send(Object(Swift_Message), Array)
#7 C:\\xampp\\htdocs\\be-fms\\api\\vendor\\illuminate\\mail\\Mailer.php(484): Swift_Mailer->send(Object(Swift_Message), Array)
#8 C:\\xampp\\htdocs\\be-fms\\api\\vendor\\illuminate\\mail\\Mailer.php(259): Illuminate\\Mail\\Mailer->sendSwiftMessage(Object(Swift_Message))
#9 C:\\xampp\\htdocs\\be-fms\\api\\vendor\\illuminate\\support\\Facades\\Facade.php(239): Illuminate\\Mail\\Mailer->send(NULL, Array, Object(Closure))
#10 C:\\xampp\\htdocs\\be-fms\\api\\app\\Http\\Controllers\\AuthController.php(599): Illuminate\\Support\\Facades\\Facade::__callStatic('send', Array)
#11 [internal function]: App\\Http\\Controllers\\AuthController->forgot_password(Object(Laravel\\Lumen\\Http\\Request))
#12 C:\\xampp\\htdocs\\be-fms\\api\\vendor\\illuminate\\container\\BoundMethod.php(32): call_user_func_array(Array, Array)
#13 C:\\xampp\\htdocs\\be-fms\\api\\vendor\\illuminate\\container\\BoundMethod.php(90): Illuminate\\Container\\BoundMethod::Illuminate\\Container\\{closure}()
#14 C:\\xampp\\htdocs\\be-fms\\api\\vendor\\illuminate\\container\\BoundMethod.php(34): Illuminate\\Container\\BoundMethod::callBoundMethod(Object(Laravel\\Lumen\\Application), Array, Object(Closure))
#15 C:\\xampp\\htdocs\\be-fms\\api\\vendor\\illuminate\\container\\Container.php(576): Illuminate\\Container\\BoundMethod::call(Object(Laravel\\Lumen\\Application), Array, Array, NULL)
#16 C:\\xampp\\htdocs\\be-fms\\api\\vendor\\laravel\\lumen-framework\\src\\Concerns\\RoutesRequests.php(376): Illuminate\\Container\\Container->call(Array, Array)
#17 C:\\xampp\\htdocs\\be-fms\\api\\vendor\\laravel\\lumen-framework\\src\\Concerns\\RoutesRequests.php(342): Laravel\\Lumen\\Application->callControllerCallable(Array, Array)
#18 C:\\xampp\\htdocs\\be-fms\\api\\vendor\\laravel\\lumen-framework\\src\\Concerns\\RoutesRequests.php(316): Laravel\\Lumen\\Application->callLumenController(Object(App\\Http\\Controllers\\AuthController), 'forgot_password', Array)
#19 C:\\xampp\\htdocs\\be-fms\\api\\vendor\\laravel\\lumen-framework\\src\\Concerns\\RoutesRequests.php(278): Laravel\\Lumen\\Application->callControllerAction(Array)
#20 C:\\xampp\\htdocs\\be-fms\\api\\vendor\\laravel\\lumen-framework\\src\\Concerns\\RoutesRequests.php(258): Laravel\\Lumen\\Application->callActionOnArrayBasedRoute(Array)
#21 [internal function]: Laravel\\Lumen\\Application->Laravel\\Lumen\\Concerns\\{closure}(Object(Laravel\\Lumen\\Http\\Request))
#22 C:\\xampp\\htdocs\\be-fms\\api\\vendor\\laravel\\lumen-framework\\src\\Routing\\Pipeline.php(52): call_user_func(Object(Closure), Object(Laravel\\Lumen\\Http\\Request))
#23 C:\\xampp\\htdocs\\be-fms\\api\\app\\Http\\Middleware\\ThrottleRequests.php(40): Laravel\\Lumen\\Routing\\Pipeline->Laravel\\Lumen\\Routing\\{closure}(Object(Laravel\\Lumen\\Http\\Request))
#24 C:\\xampp\\htdocs\\be-fms\\api\\vendor\\illuminate\\pipeline\\Pipeline.php(163): App\\Http\\Middleware\\ThrottleRequests->handle(Object(Laravel\\Lumen\\Http\\Request), Object(Closure), '3', '5')
#25 [internal function]: Illuminate\\Pipeline\\Pipeline->Illuminate\\Pipeline\\{closure}(Object(Laravel\\Lumen\\Http\\Request))
#26 C:\\xampp\\htdocs\\be-fms\\api\\vendor\\laravel\\lumen-framework\\src\\Routing\\Pipeline.php(32): call_user_func(Object(Closure), Object(Laravel\\Lumen\\Http\\Request))
#27 C:\\xampp\\htdocs\\be-fms\\api\\vendor\\illuminate\\pipeline\\Pipeline.php(104): Laravel\\Lumen\\Routing\\Pipeline->Laravel\\Lumen\\Routing\\{closure}(Object(Laravel\\Lumen\\Http\\Request))
#28 C:\\xampp\\htdocs\\be-fms\\api\\vendor\\laravel\\lumen-framework\\src\\Concerns\\RoutesRequests.php(413): Illuminate\\Pipeline\\Pipeline->then(Object(Closure))
#29 C:\\xampp\\htdocs\\be-fms\\api\\vendor\\laravel\\lumen-framework\\src\\Concerns\\RoutesRequests.php(259): Laravel\\Lumen\\Application->sendThroughPipeline(Array, Object(Closure))
#30 C:\\xampp\\htdocs\\be-fms\\api\\vendor\\laravel\\lumen-framework\\src\\Concerns\\RoutesRequests.php(165): Laravel\\Lumen\\Application->handleFoundRoute(Array)
#31 C:\\xampp\\htdocs\\be-fms\\api\\vendor\\laravel\\lumen-framework\\src\\Concerns\\RoutesRequests.php(416): Laravel\\Lumen\\Application->Laravel\\Lumen\\Concerns\\{closure}(Object(Laravel\\Lumen\\Http\\Request))
#32 C:\\xampp\\htdocs\\be-fms\\api\\vendor\\laravel\\lumen-framework\\src\\Concerns\\RoutesRequests.php(171): Laravel\\Lumen\\Application->sendThroughPipeline(Array, Object(Closure))
#33 C:\\xampp\\htdocs\\be-fms\\api\\vendor\\laravel\\lumen-framework\\src\\Concerns\\RoutesRequests.php(108): Laravel\\Lumen\\Application->dispatch(NULL)
#34 C:\\xampp\\htdocs\\be-fms\\api\\public\\index.php(28): Laravel\\Lumen\\Application->run()
#35 {main}"} 
[2026-02-24 01:45:05] local.ERROR: forgot_password Email Error: Expected response code 250 but got code "530", with message "530-5.7.0 Authentication Required. For more information, go to
530 5.7.0  https://support.google.com/accounts/troubleshooter/2402620. d2e1a72fcca58-826dd8ba11bsm8751871b3a.50 - gsmtp
" {"email":"kianeuodoo@gmail.com","trace":"#0 C:\\xampp\\htdocs\\be-fms\\api\\vendor\\swiftmailer\\swiftmailer\\lib\\classes\\Swift\\Transport\\AbstractSmtpTransport.php(341): Swift_Transport_AbstractSmtpTransport->assertResponseCode('530-5.7.0 Authe...', Array)
#1 C:\\xampp\\htdocs\\be-fms\\api\\vendor\\swiftmailer\\swiftmailer\\lib\\classes\\Swift\\Transport\\EsmtpTransport.php(305): Swift_Transport_AbstractSmtpTransport->executeCommand('MAIL FROM:<nore...', Array, Array, false, NULL)
#2 C:\\xampp\\htdocs\\be-fms\\api\\vendor\\swiftmailer\\swiftmailer\\lib\\classes\\Swift\\Transport\\AbstractSmtpTransport.php(390): Swift_Transport_EsmtpTransport->executeCommand('DATA\\
', Array, Array)
#3 C:\\xampp\\htdocs\\be-fms\\api\\vendor\\swiftmailer\\swiftmailer\\lib\\classes\\Swift\\Transport\\AbstractSmtpTransport.php(497): Swift_Transport_AbstractSmtpTransport->doDataCommand(Array)
#4 C:\\xampp\\htdocs\\be-fms\\api\\vendor\\swiftmailer\\swiftmailer\\lib\\classes\\Swift\\Transport\\AbstractSmtpTransport.php(516): Swift_Transport_AbstractSmtpTransport->doMailTransaction(Object(Swift_Message), 'noreply@efms.co...', Array, Array)
#5 C:\\xampp\\htdocs\\be-fms\\api\\vendor\\swiftmailer\\swiftmailer\\lib\\classes\\Swift\\Transport\\AbstractSmtpTransport.php(206): Swift_Transport_AbstractSmtpTransport->sendTo(Object(Swift_Message), 'noreply@efms.co...', Array, Array)
#6 C:\\xampp\\htdocs\\be-fms\\api\\vendor\\swiftmailer\\swiftmailer\\lib\\classes\\Swift\\Mailer.php(71): Swift_Transport_AbstractSmtpTransport->send(Object(Swift_Message), Array)
#7 C:\\xampp\\htdocs\\be-fms\\api\\vendor\\illuminate\\mail\\Mailer.php(484): Swift_Mailer->send(Object(Swift_Message), Array)
#8 C:\\xampp\\htdocs\\be-fms\\api\\vendor\\illuminate\\mail\\Mailer.php(259): Illuminate\\Mail\\Mailer->sendSwiftMessage(Object(Swift_Message))
#9 C:\\xampp\\htdocs\\be-fms\\api\\vendor\\illuminate\\support\\Facades\\Facade.php(239): Illuminate\\Mail\\Mailer->send(NULL, Array, Object(Closure))
#10 C:\\xampp\\htdocs\\be-fms\\api\\app\\Http\\Controllers\\AuthController.php(599): Illuminate\\Support\\Facades\\Facade::__callStatic('send', Array)
#11 [internal function]: App\\Http\\Controllers\\AuthController->forgot_password(Object(Laravel\\Lumen\\Http\\Request))
#12 C:\\xampp\\htdocs\\be-fms\\api\\vendor\\illuminate\\container\\BoundMethod.php(32): call_user_func_array(Array, Array)
#13 C:\\xampp\\htdocs\\be-fms\\api\\vendor\\illuminate\\container\\BoundMethod.php(90): Illuminate\\Container\\BoundMethod::Illuminate\\Container\\{closure}()
#14 C:\\xampp\\htdocs\\be-fms\\api\\vendor\\illuminate\\container\\BoundMethod.php(34): Illuminate\\Container\\BoundMethod::callBoundMethod(Object(Laravel\\Lumen\\Application), Array, Object(Closure))
#15 C:\\xampp\\htdocs\\be-fms\\api\\vendor\\illuminate\\container\\Container.php(576): Illuminate\\Container\\BoundMethod::call(Object(Laravel\\Lumen\\Application), Array, Array, NULL)
#16 C:\\xampp\\htdocs\\be-fms\\api\\vendor\\laravel\\lumen-framework\\src\\Concerns\\RoutesRequests.php(376): Illuminate\\Container\\Container->call(Array, Array)
#17 C:\\xampp\\htdocs\\be-fms\\api\\vendor\\laravel\\lumen-framework\\src\\Concerns\\RoutesRequests.php(342): Laravel\\Lumen\\Application->callControllerCallable(Array, Array)
#18 C:\\xampp\\htdocs\\be-fms\\api\\vendor\\laravel\\lumen-framework\\src\\Concerns\\RoutesRequests.php(316): Laravel\\Lumen\\Application->callLumenController(Object(App\\Http\\Controllers\\AuthController), 'forgot_password', Array)
#19 C:\\xampp\\htdocs\\be-fms\\api\\vendor\\laravel\\lumen-framework\\src\\Concerns\\RoutesRequests.php(278): Laravel\\Lumen\\Application->callControllerAction(Array)
#20 C:\\xampp\\htdocs\\be-fms\\api\\vendor\\laravel\\lumen-framework\\src\\Concerns\\RoutesRequests.php(258): Laravel\\Lumen\\Application->callActionOnArrayBasedRoute(Array)
#21 [internal function]: Laravel\\Lumen\\Application->Laravel\\Lumen\\Concerns\\{closure}(Object(Laravel\\Lumen\\Http\\Request))
#22 C:\\xampp\\htdocs\\be-fms\\api\\vendor\\laravel\\lumen-framework\\src\\Routing\\Pipeline.php(52): call_user_func(Object(Closure), Object(Laravel\\Lumen\\Http\\Request))
#23 C:\\xampp\\htdocs\\be-fms\\api\\app\\Http\\Middleware\\ThrottleRequests.php(40): Laravel\\Lumen\\Routing\\Pipeline->Laravel\\Lumen\\Routing\\{closure}(Object(Laravel\\Lumen\\Http\\Request))
#24 C:\\xampp\\htdocs\\be-fms\\api\\vendor\\illuminate\\pipeline\\Pipeline.php(163): App\\Http\\Middleware\\ThrottleRequests->handle(Object(Laravel\\Lumen\\Http\\Request), Object(Closure), '3', '5')
#25 [internal function]: Illuminate\\Pipeline\\Pipeline->Illuminate\\Pipeline\\{closure}(Object(Laravel\\Lumen\\Http\\Request))
#26 C:\\xampp\\htdocs\\be-fms\\api\\vendor\\laravel\\lumen-framework\\src\\Routing\\Pipeline.php(32): call_user_func(Object(Closure), Object(Laravel\\Lumen\\Http\\Request))
#27 C:\\xampp\\htdocs\\be-fms\\api\\vendor\\illuminate\\pipeline\\Pipeline.php(104): Laravel\\Lumen\\Routing\\Pipeline->Laravel\\Lumen\\Routing\\{closure}(Object(Laravel\\Lumen\\Http\\Request))
#28 C:\\xampp\\htdocs\\be-fms\\api\\vendor\\laravel\\lumen-framework\\src\\Concerns\\RoutesRequests.php(413): Illuminate\\Pipeline\\Pipeline->then(Object(Closure))
#29 C:\\xampp\\htdocs\\be-fms\\api\\vendor\\laravel\\lumen-framework\\src\\Concerns\\RoutesRequests.php(259): Laravel\\Lumen\\Application->sendThroughPipeline(Array, Object(Closure))
#30 C:\\xampp\\htdocs\\be-fms\\api\\vendor\\laravel\\lumen-framework\\src\\Concerns\\RoutesRequests.php(165): Laravel\\Lumen\\Application->handleFoundRoute(Array)
#31 C:\\xampp\\htdocs\\be-fms\\api\\vendor\\laravel\\lumen-framework\\src\\Concerns\\RoutesRequests.php(416): Laravel\\Lumen\\Application->Laravel\\Lumen\\Concerns\\{closure}(Object(Laravel\\Lumen\\Http\\Request))
#32 C:\\xampp\\htdocs\\be-fms\\api\\vendor\\laravel\\lumen-framework\\src\\Concerns\\RoutesRequests.php(171): Laravel\\Lumen\\Application->sendThroughPipeline(Array, Object(Closure))
#33 C:\\xampp\\htdocs\\be-fms\\api\\vendor\\laravel\\lumen-framework\\src\\Concerns\\RoutesRequests.php(108): Laravel\\Lumen\\Application->dispatch(NULL)
#34 C:\\xampp\\htdocs\\be-fms\\api\\public\\index.php(28): Laravel\\Lumen\\Application->run()
#35 {main}"} 
[2026-02-24 01:54:17] local.ERROR: forgot_password Email Error: Expected response code 250 but got code "530", with message "530-5.7.0 Authentication Required. For more information, go to
530 5.7.0  https://support.google.com/accounts/troubleshooter/2402620. d2e1a72fcca58-826dd68c0b8sm9703918b3a.17 - gsmtp
" {"email":"kianeuodoo@gmail.com","trace":"#0 C:\\xampp\\htdocs\\be-fms\\api\\vendor\\swiftmailer\\swiftmailer\\lib\\classes\\Swift\\Transport\\AbstractSmtpTransport.php(341): Swift_Transport_AbstractSmtpTransport->assertResponseCode('530-5.7.0 Authe...', Array)
#1 C:\\xampp\\htdocs\\be-fms\\api\\vendor\\swiftmailer\\swiftmailer\\lib\\classes\\Swift\\Transport\\EsmtpTransport.php(305): Swift_Transport_AbstractSmtpTransport->executeCommand('MAIL FROM:<nore...', Array, Array, false, NULL)
#2 C:\\xampp\\htdocs\\be-fms\\api\\vendor\\swiftmailer\\swiftmailer\\lib\\classes\\Swift\\Transport\\AbstractSmtpTransport.php(390): Swift_Transport_EsmtpTransport->executeCommand('DATA\\
', Array, Array)
#3 C:\\xampp\\htdocs\\be-fms\\api\\vendor\\swiftmailer\\swiftmailer\\lib\\classes\\Swift\\Transport\\AbstractSmtpTransport.php(497): Swift_Transport_AbstractSmtpTransport->doDataCommand(Array)
#4 C:\\xampp\\htdocs\\be-fms\\api\\vendor\\swiftmailer\\swiftmailer\\lib\\classes\\Swift\\Transport\\AbstractSmtpTransport.php(516): Swift_Transport_AbstractSmtpTransport->doMailTransaction(Object(Swift_Message), 'noreply@efms.co...', Array, Array)
#5 C:\\xampp\\htdocs\\be-fms\\api\\vendor\\swiftmailer\\swiftmailer\\lib\\classes\\Swift\\Transport\\AbstractSmtpTransport.php(206): Swift_Transport_AbstractSmtpTransport->sendTo(Object(Swift_Message), 'noreply@efms.co...', Array, Array)
#6 C:\\xampp\\htdocs\\be-fms\\api\\vendor\\swiftmailer\\swiftmailer\\lib\\classes\\Swift\\Mailer.php(71): Swift_Transport_AbstractSmtpTransport->send(Object(Swift_Message), Array)
#7 C:\\xampp\\htdocs\\be-fms\\api\\vendor\\illuminate\\mail\\Mailer.php(484): Swift_Mailer->send(Object(Swift_Message), Array)
#8 C:\\xampp\\htdocs\\be-fms\\api\\vendor\\illuminate\\mail\\Mailer.php(259): Illuminate\\Mail\\Mailer->sendSwiftMessage(Object(Swift_Message))
#9 C:\\xampp\\htdocs\\be-fms\\api\\vendor\\illuminate\\support\\Facades\\Facade.php(239): Illuminate\\Mail\\Mailer->send(NULL, Array, Object(Closure))
#10 C:\\xampp\\htdocs\\be-fms\\api\\app\\Http\\Controllers\\AuthController.php(599): Illuminate\\Support\\Facades\\Facade::__callStatic('send', Array)
#11 [internal function]: App\\Http\\Controllers\\AuthController->forgot_password(Object(Laravel\\Lumen\\Http\\Request))
#12 C:\\xampp\\htdocs\\be-fms\\api\\vendor\\illuminate\\container\\BoundMethod.php(32): call_user_func_array(Array, Array)
#13 C:\\xampp\\htdocs\\be-fms\\api\\vendor\\illuminate\\container\\BoundMethod.php(90): Illuminate\\Container\\BoundMethod::Illuminate\\Container\\{closure}()
#14 C:\\xampp\\htdocs\\be-fms\\api\\vendor\\illuminate\\container\\BoundMethod.php(34): Illuminate\\Container\\BoundMethod::callBoundMethod(Object(Laravel\\Lumen\\Application), Array, Object(Closure))
#15 C:\\xampp\\htdocs\\be-fms\\api\\vendor\\illuminate\\container\\Container.php(576): Illuminate\\Container\\BoundMethod::call(Object(Laravel\\Lumen\\Application), Array, Array, NULL)
#16 C:\\xampp\\htdocs\\be-fms\\api\\vendor\\laravel\\lumen-framework\\src\\Concerns\\RoutesRequests.php(376): Illuminate\\Container\\Container->call(Array, Array)
#17 C:\\xampp\\htdocs\\be-fms\\api\\vendor\\laravel\\lumen-framework\\src\\Concerns\\RoutesRequests.php(342): Laravel\\Lumen\\Application->callControllerCallable(Array, Array)
#18 C:\\xampp\\htdocs\\be-fms\\api\\vendor\\laravel\\lumen-framework\\src\\Concerns\\RoutesRequests.php(316): Laravel\\Lumen\\Application->callLumenController(Object(App\\Http\\Controllers\\AuthController), 'forgot_password', Array)
#19 C:\\xampp\\htdocs\\be-fms\\api\\vendor\\laravel\\lumen-framework\\src\\Concerns\\RoutesRequests.php(278): Laravel\\Lumen\\Application->callControllerAction(Array)
#20 C:\\xampp\\htdocs\\be-fms\\api\\vendor\\laravel\\lumen-framework\\src\\Concerns\\RoutesRequests.php(258): Laravel\\Lumen\\Application->callActionOnArrayBasedRoute(Array)
#21 [internal function]: Laravel\\Lumen\\Application->Laravel\\Lumen\\Concerns\\{closure}(Object(Laravel\\Lumen\\Http\\Request))
#22 C:\\xampp\\htdocs\\be-fms\\api\\vendor\\laravel\\lumen-framework\\src\\Routing\\Pipeline.php(52): call_user_func(Object(Closure), Object(Laravel\\Lumen\\Http\\Request))
#23 C:\\xampp\\htdocs\\be-fms\\api\\app\\Http\\Middleware\\ThrottleRequests.php(40): Laravel\\Lumen\\Routing\\Pipeline->Laravel\\Lumen\\Routing\\{closure}(Object(Laravel\\Lumen\\Http\\Request))
#24 C:\\xampp\\htdocs\\be-fms\\api\\vendor\\illuminate\\pipeline\\Pipeline.php(163): App\\Http\\Middleware\\ThrottleRequests->handle(Object(Laravel\\Lumen\\Http\\Request), Object(Closure), '3', '5')
#25 [internal function]: Illuminate\\Pipeline\\Pipeline->Illuminate\\Pipeline\\{closure}(Object(Laravel\\Lumen\\Http\\Request))
#26 C:\\xampp\\htdocs\\be-fms\\api\\vendor\\laravel\\lumen-framework\\src\\Routing\\Pipeline.php(32): call_user_func(Object(Closure), Object(Laravel\\Lumen\\Http\\Request))
#27 C:\\xampp\\htdocs\\be-fms\\api\\vendor\\illuminate\\pipeline\\Pipeline.php(104): Laravel\\Lumen\\Routing\\Pipeline->Laravel\\Lumen\\Routing\\{closure}(Object(Laravel\\Lumen\\Http\\Request))
#28 C:\\xampp\\htdocs\\be-fms\\api\\vendor\\laravel\\lumen-framework\\src\\Concerns\\RoutesRequests.php(413): Illuminate\\Pipeline\\Pipeline->then(Object(Closure))
#29 C:\\xampp\\htdocs\\be-fms\\api\\vendor\\laravel\\lumen-framework\\src\\Concerns\\RoutesRequests.php(259): Laravel\\Lumen\\Application->sendThroughPipeline(Array, Object(Closure))
#30 C:\\xampp\\htdocs\\be-fms\\api\\vendor\\laravel\\lumen-framework\\src\\Concerns\\RoutesRequests.php(165): Laravel\\Lumen\\Application->handleFoundRoute(Array)
#31 C:\\xampp\\htdocs\\be-fms\\api\\vendor\\laravel\\lumen-framework\\src\\Concerns\\RoutesRequests.php(416): Laravel\\Lumen\\Application->Laravel\\Lumen\\Concerns\\{closure}(Object(Laravel\\Lumen\\Http\\Request))
#32 C:\\xampp\\htdocs\\be-fms\\api\\vendor\\laravel\\lumen-framework\\src\\Concerns\\RoutesRequests.php(171): Laravel\\Lumen\\Application->sendThroughPipeline(Array, Object(Closure))
#33 C:\\xampp\\htdocs\\be-fms\\api\\vendor\\laravel\\lumen-framework\\src\\Concerns\\RoutesRequests.php(108): Laravel\\Lumen\\Application->dispatch(NULL)
#34 C:\\xampp\\htdocs\\be-fms\\api\\public\\index.php(28): Laravel\\Lumen\\Application->run()
#35 {main}"} 
[2026-02-24 01:54:41] local.ERROR: forgot_password Email Error: Expected response code 250 but got code "530", with message "530-5.7.0 Authentication Required. For more information, go to
530 5.7.0  https://support.google.com/accounts/troubleshooter/2402620. d9443c01a7336-2ad7500e2b2sm83692175ad.52 - gsmtp
" {"email":"kianeuodoo@gmail.com","trace":"#0 C:\\xampp\\htdocs\\be-fms\\api\\vendor\\swiftmailer\\swiftmailer\\lib\\classes\\Swift\\Transport\\AbstractSmtpTransport.php(341): Swift_Transport_AbstractSmtpTransport->assertResponseCode('530-5.7.0 Authe...', Array)
#1 C:\\xampp\\htdocs\\be-fms\\api\\vendor\\swiftmailer\\swiftmailer\\lib\\classes\\Swift\\Transport\\EsmtpTransport.php(305): Swift_Transport_AbstractSmtpTransport->executeCommand('MAIL FROM:<nore...', Array, Array, false, NULL)
#2 C:\\xampp\\htdocs\\be-fms\\api\\vendor\\swiftmailer\\swiftmailer\\lib\\classes\\Swift\\Transport\\AbstractSmtpTransport.php(390): Swift_Transport_EsmtpTransport->executeCommand('DATA\\
', Array, Array)
#3 C:\\xampp\\htdocs\\be-fms\\api\\vendor\\swiftmailer\\swiftmailer\\lib\\classes\\Swift\\Transport\\AbstractSmtpTransport.php(497): Swift_Transport_AbstractSmtpTransport->doDataCommand(Array)
#4 C:\\xampp\\htdocs\\be-fms\\api\\vendor\\swiftmailer\\swiftmailer\\lib\\classes\\Swift\\Transport\\AbstractSmtpTransport.php(516): Swift_Transport_AbstractSmtpTransport->doMailTransaction(Object(Swift_Message), 'noreply@efms.co...', Array, Array)
#5 C:\\xampp\\htdocs\\be-fms\\api\\vendor\\swiftmailer\\swiftmailer\\lib\\classes\\Swift\\Transport\\AbstractSmtpTransport.php(206): Swift_Transport_AbstractSmtpTransport->sendTo(Object(Swift_Message), 'noreply@efms.co...', Array, Array)
#6 C:\\xampp\\htdocs\\be-fms\\api\\vendor\\swiftmailer\\swiftmailer\\lib\\classes\\Swift\\Mailer.php(71): Swift_Transport_AbstractSmtpTransport->send(Object(Swift_Message), Array)
#7 C:\\xampp\\htdocs\\be-fms\\api\\vendor\\illuminate\\mail\\Mailer.php(484): Swift_Mailer->send(Object(Swift_Message), Array)
#8 C:\\xampp\\htdocs\\be-fms\\api\\vendor\\illuminate\\mail\\Mailer.php(259): Illuminate\\Mail\\Mailer->sendSwiftMessage(Object(Swift_Message))
#9 C:\\xampp\\htdocs\\be-fms\\api\\vendor\\illuminate\\support\\Facades\\Facade.php(239): Illuminate\\Mail\\Mailer->send(NULL, Array, Object(Closure))
#10 C:\\xampp\\htdocs\\be-fms\\api\\app\\Http\\Controllers\\AuthController.php(599): Illuminate\\Support\\Facades\\Facade::__callStatic('send', Array)
#11 [internal function]: App\\Http\\Controllers\\AuthController->forgot_password(Object(Laravel\\Lumen\\Http\\Request))
#12 C:\\xampp\\htdocs\\be-fms\\api\\vendor\\illuminate\\container\\BoundMethod.php(32): call_user_func_array(Array, Array)
#13 C:\\xampp\\htdocs\\be-fms\\api\\vendor\\illuminate\\container\\BoundMethod.php(90): Illuminate\\Container\\BoundMethod::Illuminate\\Container\\{closure}()
#14 C:\\xampp\\htdocs\\be-fms\\api\\vendor\\illuminate\\container\\BoundMethod.php(34): Illuminate\\Container\\BoundMethod::callBoundMethod(Object(Laravel\\Lumen\\Application), Array, Object(Closure))
#15 C:\\xampp\\htdocs\\be-fms\\api\\vendor\\illuminate\\container\\Container.php(576): Illuminate\\Container\\BoundMethod::call(Object(Laravel\\Lumen\\Application), Array, Array, NULL)
#16 C:\\xampp\\htdocs\\be-fms\\api\\vendor\\laravel\\lumen-framework\\src\\Concerns\\RoutesRequests.php(376): Illuminate\\Container\\Container->call(Array, Array)
#17 C:\\xampp\\htdocs\\be-fms\\api\\vendor\\laravel\\lumen-framework\\src\\Concerns\\RoutesRequests.php(342): Laravel\\Lumen\\Application->callControllerCallable(Array, Array)
#18 C:\\xampp\\htdocs\\be-fms\\api\\vendor\\laravel\\lumen-framework\\src\\Concerns\\RoutesRequests.php(316): Laravel\\Lumen\\Application->callLumenController(Object(App\\Http\\Controllers\\AuthController), 'forgot_password', Array)
#19 C:\\xampp\\htdocs\\be-fms\\api\\vendor\\laravel\\lumen-framework\\src\\Concerns\\RoutesRequests.php(278): Laravel\\Lumen\\Application->callControllerAction(Array)
#20 C:\\xampp\\htdocs\\be-fms\\api\\vendor\\laravel\\lumen-framework\\src\\Concerns\\RoutesRequests.php(258): Laravel\\Lumen\\Application->callActionOnArrayBasedRoute(Array)
#21 [internal function]: Laravel\\Lumen\\Application->Laravel\\Lumen\\Concerns\\{closure}(Object(Laravel\\Lumen\\Http\\Request))
#22 C:\\xampp\\htdocs\\be-fms\\api\\vendor\\laravel\\lumen-framework\\src\\Routing\\Pipeline.php(52): call_user_func(Object(Closure), Object(Laravel\\Lumen\\Http\\Request))
#23 C:\\xampp\\htdocs\\be-fms\\api\\app\\Http\\Middleware\\ThrottleRequests.php(40): Laravel\\Lumen\\Routing\\Pipeline->Laravel\\Lumen\\Routing\\{closure}(Object(Laravel\\Lumen\\Http\\Request))
#24 C:\\xampp\\htdocs\\be-fms\\api\\vendor\\illuminate\\pipeline\\Pipeline.php(163): App\\Http\\Middleware\\ThrottleRequests->handle(Object(Laravel\\Lumen\\Http\\Request), Object(Closure), '3', '5')
#25 [internal function]: Illuminate\\Pipeline\\Pipeline->Illuminate\\Pipeline\\{closure}(Object(Laravel\\Lumen\\Http\\Request))
#26 C:\\xampp\\htdocs\\be-fms\\api\\vendor\\laravel\\lumen-framework\\src\\Routing\\Pipeline.php(32): call_user_func(Object(Closure), Object(Laravel\\Lumen\\Http\\Request))
#27 C:\\xampp\\htdocs\\be-fms\\api\\vendor\\illuminate\\pipeline\\Pipeline.php(104): Laravel\\Lumen\\Routing\\Pipeline->Laravel\\Lumen\\Routing\\{closure}(Object(Laravel\\Lumen\\Http\\Request))
#28 C:\\xampp\\htdocs\\be-fms\\api\\vendor\\laravel\\lumen-framework\\src\\Concerns\\RoutesRequests.php(413): Illuminate\\Pipeline\\Pipeline->then(Object(Closure))
#29 C:\\xampp\\htdocs\\be-fms\\api\\vendor\\laravel\\lumen-framework\\src\\Concerns\\RoutesRequests.php(259): Laravel\\Lumen\\Application->sendThroughPipeline(Array, Object(Closure))
#30 C:\\xampp\\htdocs\\be-fms\\api\\vendor\\laravel\\lumen-framework\\src\\Concerns\\RoutesRequests.php(165): Laravel\\Lumen\\Application->handleFoundRoute(Array)
#31 C:\\xampp\\htdocs\\be-fms\\api\\vendor\\laravel\\lumen-framework\\src\\Concerns\\RoutesRequests.php(416): Laravel\\Lumen\\Application->Laravel\\Lumen\\Concerns\\{closure}(Object(Laravel\\Lumen\\Http\\Request))
#32 C:\\xampp\\htdocs\\be-fms\\api\\vendor\\laravel\\lumen-framework\\src\\Concerns\\RoutesRequests.php(171): Laravel\\Lumen\\Application->sendThroughPipeline(Array, Object(Closure))
#33 C:\\xampp\\htdocs\\be-fms\\api\\vendor\\laravel\\lumen-framework\\src\\Concerns\\RoutesRequests.php(108): Laravel\\Lumen\\Application->dispatch(NULL)
#34 C:\\xampp\\htdocs\\be-fms\\api\\public\\index.php(28): Laravel\\Lumen\\Application->run()
#35 {main}"} 
[2026-02-24 01:54:57] local.ERROR: forgot_password Email Error: Expected response code 250 but got code "530", with message "530-5.7.0 Authentication Required. For more information, go to
530 5.7.0  https://support.google.com/accounts/troubleshooter/2402620. d2e1a72fcca58-826dd8ee244sm8783128b3a.63 - gsmtp
" {"email":"kianeuodoo@gmail.com","trace":"#0 C:\\xampp\\htdocs\\be-fms\\api\\vendor\\swiftmailer\\swiftmailer\\lib\\classes\\Swift\\Transport\\AbstractSmtpTransport.php(341): Swift_Transport_AbstractSmtpTransport->assertResponseCode('530-5.7.0 Authe...', Array)
#1 C:\\xampp\\htdocs\\be-fms\\api\\vendor\\swiftmailer\\swiftmailer\\lib\\classes\\Swift\\Transport\\EsmtpTransport.php(305): Swift_Transport_AbstractSmtpTransport->executeCommand('MAIL FROM:<nore...', Array, Array, false, NULL)
#2 C:\\xampp\\htdocs\\be-fms\\api\\vendor\\swiftmailer\\swiftmailer\\lib\\classes\\Swift\\Transport\\AbstractSmtpTransport.php(390): Swift_Transport_EsmtpTransport->executeCommand('DATA\\
', Array, Array)
#3 C:\\xampp\\htdocs\\be-fms\\api\\vendor\\swiftmailer\\swiftmailer\\lib\\classes\\Swift\\Transport\\AbstractSmtpTransport.php(497): Swift_Transport_AbstractSmtpTransport->doDataCommand(Array)
#4 C:\\xampp\\htdocs\\be-fms\\api\\vendor\\swiftmailer\\swiftmailer\\lib\\classes\\Swift\\Transport\\AbstractSmtpTransport.php(516): Swift_Transport_AbstractSmtpTransport->doMailTransaction(Object(Swift_Message), 'noreply@efms.co...', Array, Array)
#5 C:\\xampp\\htdocs\\be-fms\\api\\vendor\\swiftmailer\\swiftmailer\\lib\\classes\\Swift\\Transport\\AbstractSmtpTransport.php(206): Swift_Transport_AbstractSmtpTransport->sendTo(Object(Swift_Message), 'noreply@efms.co...', Array, Array)
#6 C:\\xampp\\htdocs\\be-fms\\api\\vendor\\swiftmailer\\swiftmailer\\lib\\classes\\Swift\\Mailer.php(71): Swift_Transport_AbstractSmtpTransport->send(Object(Swift_Message), Array)
#7 C:\\xampp\\htdocs\\be-fms\\api\\vendor\\illuminate\\mail\\Mailer.php(484): Swift_Mailer->send(Object(Swift_Message), Array)
#8 C:\\xampp\\htdocs\\be-fms\\api\\vendor\\illuminate\\mail\\Mailer.php(259): Illuminate\\Mail\\Mailer->sendSwiftMessage(Object(Swift_Message))
#9 C:\\xampp\\htdocs\\be-fms\\api\\vendor\\illuminate\\support\\Facades\\Facade.php(239): Illuminate\\Mail\\Mailer->send(NULL, Array, Object(Closure))
#10 C:\\xampp\\htdocs\\be-fms\\api\\app\\Http\\Controllers\\AuthController.php(599): Illuminate\\Support\\Facades\\Facade::__callStatic('send', Array)
#11 [internal function]: App\\Http\\Controllers\\AuthController->forgot_password(Object(Laravel\\Lumen\\Http\\Request))
#12 C:\\xampp\\htdocs\\be-fms\\api\\vendor\\illuminate\\container\\BoundMethod.php(32): call_user_func_array(Array, Array)
#13 C:\\xampp\\htdocs\\be-fms\\api\\vendor\\illuminate\\container\\BoundMethod.php(90): Illuminate\\Container\\BoundMethod::Illuminate\\Container\\{closure}()
#14 C:\\xampp\\htdocs\\be-fms\\api\\vendor\\illuminate\\container\\BoundMethod.php(34): Illuminate\\Container\\BoundMethod::callBoundMethod(Object(Laravel\\Lumen\\Application), Array, Object(Closure))
#15 C:\\xampp\\htdocs\\be-fms\\api\\vendor\\illuminate\\container\\Container.php(576): Illuminate\\Container\\BoundMethod::call(Object(Laravel\\Lumen\\Application), Array, Array, NULL)
#16 C:\\xampp\\htdocs\\be-fms\\api\\vendor\\laravel\\lumen-framework\\src\\Concerns\\RoutesRequests.php(376): Illuminate\\Container\\Container->call(Array, Array)
#17 C:\\xampp\\htdocs\\be-fms\\api\\vendor\\laravel\\lumen-framework\\src\\Concerns\\RoutesRequests.php(342): Laravel\\Lumen\\Application->callControllerCallable(Array, Array)
#18 C:\\xampp\\htdocs\\be-fms\\api\\vendor\\laravel\\lumen-framework\\src\\Concerns\\RoutesRequests.php(316): Laravel\\Lumen\\Application->callLumenController(Object(App\\Http\\Controllers\\AuthController), 'forgot_password', Array)
#19 C:\\xampp\\htdocs\\be-fms\\api\\vendor\\laravel\\lumen-framework\\src\\Concerns\\RoutesRequests.php(278): Laravel\\Lumen\\Application->callControllerAction(Array)
#20 C:\\xampp\\htdocs\\be-fms\\api\\vendor\\laravel\\lumen-framework\\src\\Concerns\\RoutesRequests.php(258): Laravel\\Lumen\\Application->callActionOnArrayBasedRoute(Array)
#21 [internal function]: Laravel\\Lumen\\Application->Laravel\\Lumen\\Concerns\\{closure}(Object(Laravel\\Lumen\\Http\\Request))
#22 C:\\xampp\\htdocs\\be-fms\\api\\vendor\\laravel\\lumen-framework\\src\\Routing\\Pipeline.php(52): call_user_func(Object(Closure), Object(Laravel\\Lumen\\Http\\Request))
#23 C:\\xampp\\htdocs\\be-fms\\api\\app\\Http\\Middleware\\ThrottleRequests.php(40): Laravel\\Lumen\\Routing\\Pipeline->Laravel\\Lumen\\Routing\\{closure}(Object(Laravel\\Lumen\\Http\\Request))
#24 C:\\xampp\\htdocs\\be-fms\\api\\vendor\\illuminate\\pipeline\\Pipeline.php(163): App\\Http\\Middleware\\ThrottleRequests->handle(Object(Laravel\\Lumen\\Http\\Request), Object(Closure), '3', '5')
#25 [internal function]: Illuminate\\Pipeline\\Pipeline->Illuminate\\Pipeline\\{closure}(Object(Laravel\\Lumen\\Http\\Request))
#26 C:\\xampp\\htdocs\\be-fms\\api\\vendor\\laravel\\lumen-framework\\src\\Routing\\Pipeline.php(32): call_user_func(Object(Closure), Object(Laravel\\Lumen\\Http\\Request))
#27 C:\\xampp\\htdocs\\be-fms\\api\\vendor\\illuminate\\pipeline\\Pipeline.php(104): Laravel\\Lumen\\Routing\\Pipeline->Laravel\\Lumen\\Routing\\{closure}(Object(Laravel\\Lumen\\Http\\Request))
#28 C:\\xampp\\htdocs\\be-fms\\api\\vendor\\laravel\\lumen-framework\\src\\Concerns\\RoutesRequests.php(413): Illuminate\\Pipeline\\Pipeline->then(Object(Closure))
#29 C:\\xampp\\htdocs\\be-fms\\api\\vendor\\laravel\\lumen-framework\\src\\Concerns\\RoutesRequests.php(259): Laravel\\Lumen\\Application->sendThroughPipeline(Array, Object(Closure))
#30 C:\\xampp\\htdocs\\be-fms\\api\\vendor\\laravel\\lumen-framework\\src\\Concerns\\RoutesRequests.php(165): Laravel\\Lumen\\Application->handleFoundRoute(Array)
#31 C:\\xampp\\htdocs\\be-fms\\api\\vendor\\laravel\\lumen-framework\\src\\Concerns\\RoutesRequests.php(416): Laravel\\Lumen\\Application->Laravel\\Lumen\\Concerns\\{closure}(Object(Laravel\\Lumen\\Http\\Request))
#32 C:\\xampp\\htdocs\\be-fms\\api\\vendor\\laravel\\lumen-framework\\src\\Concerns\\RoutesRequests.php(171): Laravel\\Lumen\\Application->sendThroughPipeline(Array, Object(Closure))
#33 C:\\xampp\\htdocs\\be-fms\\api\\vendor\\laravel\\lumen-framework\\src\\Concerns\\RoutesRequests.php(108): Laravel\\Lumen\\Application->dispatch(NULL)
#34 C:\\xampp\\htdocs\\be-fms\\api\\public\\index.php(28): Laravel\\Lumen\\Application->run()
#35 {main}"} 
